runmode
	reference	3 0.0 0.0 0.000000 0.000000
	inverse	3 0.100000 1000
	verbose	1
	end
grille
	nlens	1
	nlens_opt	1
	nlens_crit	1
	end
potentiel
0
	profil		3
	x_centre_wcs	0.000000
	y_centre_wcs	0.000000
	ellipticite	0.000000
	angle_pos	0.000000
	core_radius_kpc	0.001000
	v_disp		200.000000
	z_lens		0.300000
	end
limit
0
	v_disp		1 190.000000 210.000000 1.000000
	end
cosmology
	H0	73.500000
	omega	0.300000
	lambda	0.700000
	kcourb	0.000000
	end
image
	multfile	1 image.cat
	mult_wcs	1
	sigpos		0.000000
	forme		-1
	end
fini
For z_s = 0.8000  DLS/DS:0.5715
DLS:0.2067(lt) 843.00(Mpc) DOS:0.3616(lt) 1474.96(Mpc)
DOL:0.2145(lt) 875.02(Mpc) DOL_lum:0.3626(lt) 1478.78(Mpc)
Mcrit:3.324585e-03 (10^12 Msol/kpc^2)
Conversion Factor @ z = 0.300000, 1 arcsec == 4.242 kpc
Number of Clumps: 1
-------- Clump O1: Elliptical Isothermal Sphere with core radius
 vdisp:200.00(km/s) b0:1.7304
 rc:0.00(") 0.00(kpc)
 r_ct:0.9890 r_cr:0.0038
